I saw a division by zero
I saw it too
ERROR: DivisionByZero()