I saw a division by zero
0
I saw a division by zero
0
0